<html>
<body>
<pre>
<h1>礦ision Build Log</h1>
<h2>Tool Versions:</h2>
IDE-Version: μVision V5.28.0.0
Copyright (C) 2019 ARM Ltd and ARM Germany GmbH. All rights reserved.
License Information: 宿舍 ljg, 舒服, LIC=1WSCX-HXDS7-WJ96K-Z05B1-5UIXC-1H4JF
 
Tool Versions:
Toolchain:       MDK-ARM Professional  Version: 5.28.0.0
Toolchain Path:  D:\MDK5\ARM\ARMCC\Bin
C Compiler:      Armcc.exe V5.06 update 6 (build 750)
Assembler:       Armasm.exe V5.06 update 6 (build 750)
Linker/Locator:  ArmLink.exe V5.06 update 6 (build 750)
Library Manager: ArmAr.exe V5.06 update 6 (build 750)
Hex Converter:   FromElf.exe V5.06 update 6 (build 750)
CPU DLL:         SARMCM3.DLL V5.28.0.0
Dialog DLL:      DCM.DLL V1.17.3.0
Target DLL:      Segger\JL2CM3.dll V2.99.36.0
Dialog DLL:      TCM.DLL V1.36.2.0
 
<h2>Project:</h2>
D:\K60芯片资料\K66资料\1.逐飞科技_K66库V2.06\桔梗的K60例程\电机驱动\逐飞科技_K66库\Projecct\MDK\SeekFree_Kinetis.uvprojx
Project File Date:  09/12/2020

<h2>Output:</h2>
*** Using Compiler 'V5.06 update 6 (build 750)', folder: 'D:\MDK5\ARM\ARMCC\Bin'
Build target 'SeekFree_MK66FX'
compiling main.c...
..\USER\src\main.c(53): warning:  #188-D: enumerated type mixed with another type
  	ftm_pwm_init(ftm3,ftm_ch0|ftm_ch1|ftm_ch2|ftm_ch3|ftm_ch4|ftm_ch5|ftm_ch6,50,1950);//鍒濆鍖杅tm0妯″潡锛?0閫氶亾涓?50HZ锛屽崰绌烘瘮涓虹櫨鍒嗕箣50锛岄粯璁ょ簿搴︿负1000 寮曡剼瀵瑰簲鏌ョ湅MK60DN10_port_cfg.h
..\USER\src\main.c: 1 warning, 0 errors
linking...
Program Size: Code=2692 RO-data=1152 RW-data=120 ZI-data=23584  
".\Objects\SeekFree_Kinetis.axf" - 0 Error(s), 1 Warning(s).

<h2>Software Packages used:</h2>

Package Vendor: Keil
                http://www.keil.com/pack/Keil.Kinetis_K60_DFP.1.4.0.pack
                Keil.Kinetis_K60_DFP.1.4.0
                Freescale Kinetis K60 Series Device Support and Examples

<h2>Collection of Component include folders:</h2>
  .\RTE\_SeekFree_MK66FX
  D:\MDK5\Keil\Kinetis_K60_DFP\1.4.0\Device\Include

<h2>Collection of Component Files used:</h2>
Build Time Elapsed:  00:00:02
</pre>
</body>
</html>
