<html>
<body>
<pre>
<h1>礦ision Build Log</h1>
<h2>Tool Versions:</h2>
IDE-Version: μVision V5.28.0.0
Copyright (C) 2019 ARM Ltd and ARM Germany GmbH. All rights reserved.
License Information: 宿舍 ljg, 舒服, LIC=1WSCX-HXDS7-WJ96K-Z05B1-5UIXC-1H4JF
 
Tool Versions:
Toolchain:       MDK-ARM Professional  Version: 5.28.0.0
Toolchain Path:  D:\MDK5\ARM\ARMCC\Bin
C Compiler:      Armcc.exe V5.06 update 6 (build 750)
Assembler:       Armasm.exe V5.06 update 6 (build 750)
Linker/Locator:  ArmLink.exe V5.06 update 6 (build 750)
Library Manager: ArmAr.exe V5.06 update 6 (build 750)
Hex Converter:   FromElf.exe V5.06 update 6 (build 750)
CPU DLL:         SARMCM3.DLL V5.28.0.0
Dialog DLL:      DCM.DLL V1.17.3.0
Target DLL:      Segger\JL2CM3.dll V2.99.36.0
Dialog DLL:      TCM.DLL V1.36.2.0
 
<h2>Project:</h2>
D:\K60芯片资料\K66资料\1.逐飞科技_K66库V2.06\桔梗的K60例程\电机驱动+电感\逐飞科技_K66库\Projecct\MDK\SeekFree_Kinetis.uvprojx
Project File Date:  10/22/2020

<h2>Output:</h2>
*** Using Compiler 'V5.06 update 6 (build 750)', folder: 'D:\MDK5\ARM\ARMCC\Bin'
Build target 'SeekFree_MK66FX'
compiling MK60_adc.c...
compiling misc.c...
compiling MK60_dac.c...
compiling system_MK66.c...
compiling common.c...
compiling MK60_dma.c...
compiling MK60_cmt.c...
compiling MK60_flash.c...
compiling MK60_gpio.c...
compiling MK60_ftm.c...
compiling MK60_lptmr.c...
compiling MK60_port.c...
compiling MK60_pit.c...
compiling MK60_i2c.c...
compiling MK60_rtc.c...
compiling MK60_sdhc.c...
compiling MK60_systick.c...
compiling MK60_uart.c...
compiling MK60_wdog.c...
compiling MK60_spi.c...
compiling SEEKFREE_18TFT.c...
compiling isr.c...
compiling main.c...
compiling SEEKFREE_7725.c...
compiling SEEKFREE_L3G4200D.c...
compiling SEEKFREE_IIC.c...
compiling SEEKFREE_FUN.c...
compiling SEEKFREE_MMA8451.c...
compiling ff.c...
compiling SEEKFREE_NRF24L01.c...
compiling SEEKFREE_MPU6050.c...
compiling SEEKFREE_MT9V032.c...
compiling SEEKFREE_OLED.c...
compiling diskio.c...
compiling MOTOR.c...
..\..\Libraries\hareware\motor\motor.h(7): warning:  #1295-D: Deprecated declaration Motor_init - give arg types
  void Motor_init();
..\..\Libraries\hareware\motor\motor.h(11): warning:  #1-D: last line of file ends without a newline
  #endif
..\..\Libraries\hareware\motor\MOTOR.c(8): warning:  #1-D: last line of file ends without a newline
  }
..\..\Libraries\hareware\motor\MOTOR.c: 3 warnings, 0 errors
compiling EM.c...
..\..\Libraries\hareware\em\EM.h(5): warning:  #1295-D: Deprecated declaration Em_init - give arg types
  void Em_init();
..\..\Libraries\hareware\em\EM.h(6): warning:  #1295-D: Deprecated declaration Em_store - give arg types
  void Em_store();
..\..\Libraries\hareware\em\EM.h(12): warning:  #1-D: last line of file ends without a newline
  #endif
..\..\Libraries\hareware\em\EM.c: 3 warnings, 0 errors
compiling SEEKFREE_TSL1401.c...
linking...
Program Size: Code=2576 RO-data=1152 RW-data=120 ZI-data=23584  
".\Objects\SeekFree_Kinetis.axf" - 0 Error(s), 6 Warning(s).

<h2>Software Packages used:</h2>

Package Vendor: Keil
                http://www.keil.com/pack/Keil.Kinetis_K60_DFP.1.4.0.pack
                Keil.Kinetis_K60_DFP.1.4.0
                Freescale Kinetis K60 Series Device Support and Examples

<h2>Collection of Component include folders:</h2>
  .\RTE\_SeekFree_MK66FX
  D:\MDK5\Keil\Kinetis_K60_DFP\1.4.0\Device\Include

<h2>Collection of Component Files used:</h2>
Build Time Elapsed:  00:00:39
</pre>
</body>
</html>
